[INFO] Scanning for projects...
[INFO] 
[INFO] ------------------------< org.example:backend >-------------------------
[INFO] Building backend 0.0.1-SNAPSHOT
[INFO]   from pom.xml
[INFO] --------------------------------[ jar ]---------------------------------
[INFO] 
[INFO] --- clean:3.4.0:clean (default-clean) @ backend ---
[INFO] Deleting C:\Users\Salim\Cloudaura_Front\backend\target
[INFO] 
[INFO] --- resources:3.3.1:resources (default-resources) @ backend ---
[INFO] Copying 1 resource from src\main\resources to target\classes
[INFO] Copying 0 resource from src\main\resources to target\classes
[INFO] 
[INFO] --- compiler:3.13.0:compile (default-compile) @ backend ---
[INFO] Recompiling the module because of changed source code.
[INFO] Compiling 178 source files with javac [debug parameters release 17] to target\classes
[INFO] -------------------------------------------------------------
[ERROR] COMPILATION ERROR : 
[INFO] -------------------------------------------------------------
[ERROR] /C:/Users/Salim/Cloudaura_Front/backend/src/main/java/org/example/backend/service/DataInitializer.java:[90,29] cannot find symbol
  symbol:   method stars(int)
  location: class org.example.backend.model.Accommodation.AccommodationBuilder
[ERROR] /C:/Users/Salim/Cloudaura_Front/backend/src/main/java/org/example/backend/service/DataInitializer.java:[103,29] cannot find symbol
  symbol:   method stars(int)
  location: class org.example.backend.model.Accommodation.AccommodationBuilder
[ERROR] /C:/Users/Salim/Cloudaura_Front/backend/src/main/java/org/example/backend/service/DataInitializer.java:[116,29] cannot find symbol
  symbol:   method stars(int)
  location: class org.example.backend.model.Accommodation.AccommodationBuilder
[ERROR] /C:/Users/Salim/Cloudaura_Front/backend/src/main/java/org/example/backend/service/DataInitializer.java:[127,128] cannot find symbol
  symbol:   method status(java.lang.String)
  location: class org.example.backend.model.Driver.DriverBuilder
[ERROR] /C:/Users/Salim/Cloudaura_Front/backend/src/main/java/org/example/backend/service/DataInitializer.java:[128,128] cannot find symbol
  symbol:   method status(java.lang.String)
  location: class org.example.backend.model.Driver.DriverBuilder
[ERROR] /C:/Users/Salim/Cloudaura_Front/backend/src/main/java/org/example/backend/service/DataInitializer.java:[132,148] cannot find symbol
  symbol:   method status(java.lang.String)
  location: class org.example.backend.model.Vehicle.VehicleBuilder
[ERROR] /C:/Users/Salim/Cloudaura_Front/backend/src/main/java/org/example/backend/service/DataInitializer.java:[133,150] cannot find symbol
  symbol:   method status(java.lang.String)
  location: class org.example.backend.model.Vehicle.VehicleBuilder
[INFO] 7 errors 
[INFO] -------------------------------------------------------------
[INFO] ------------------------------------------------------------------------
[INFO] BUILD FAILURE
[INFO] ------------------------------------------------------------------------
[INFO] Total time:  5.413 s
[INFO] Finished at: 2026-03-28T21:07:14+01:00
[INFO] ------------------------------------------------------------------------
[ERROR] Failed to execute goal org.apache.maven.plugins:maven-compiler-plugin:3.13.0:compile (default-compile) on project backend: Compilation failure: Compilation failure: 
[ERROR] /C:/Users/Salim/Cloudaura_Front/backend/src/main/java/org/example/backend/service/DataInitializer.java:[90,29] cannot find symbol
[ERROR]   symbol:   method stars(int)
[ERROR]   location: class org.example.backend.model.Accommodation.AccommodationBuilder
[ERROR] /C:/Users/Salim/Cloudaura_Front/backend/src/main/java/org/example/backend/service/DataInitializer.java:[103,29] cannot find symbol
[ERROR]   symbol:   method stars(int)
[ERROR]   location: class org.example.backend.model.Accommodation.AccommodationBuilder
[ERROR] /C:/Users/Salim/Cloudaura_Front/backend/src/main/java/org/example/backend/service/DataInitializer.java:[116,29] cannot find symbol
[ERROR]   symbol:   method stars(int)
[ERROR]   location: class org.example.backend.model.Accommodation.AccommodationBuilder
[ERROR] /C:/Users/Salim/Cloudaura_Front/backend/src/main/java/org/example/backend/service/DataInitializer.java:[127,128] cannot find symbol
[ERROR]   symbol:   method status(java.lang.String)
[ERROR]   location: class org.example.backend.model.Driver.DriverBuilder
[ERROR] /C:/Users/Salim/Cloudaura_Front/backend/src/main/java/org/example/backend/service/DataInitializer.java:[128,128] cannot find symbol
[ERROR]   symbol:   method status(java.lang.String)
[ERROR]   location: class org.example.backend.model.Driver.DriverBuilder
[ERROR] /C:/Users/Salim/Cloudaura_Front/backend/src/main/java/org/example/backend/service/DataInitializer.java:[132,148] cannot find symbol
[ERROR]   symbol:   method status(java.lang.String)
[ERROR]   location: class org.example.backend.model.Vehicle.VehicleBuilder
[ERROR] /C:/Users/Salim/Cloudaura_Front/backend/src/main/java/org/example/backend/service/DataInitializer.java:[133,150] cannot find symbol
[ERROR]   symbol:   method status(java.lang.String)
[ERROR]   location: class org.example.backend.model.Vehicle.VehicleBuilder
[ERROR] -> [Help 1]
[ERROR] 
[ERROR] To see the full stack trace of the errors, re-run Maven with the -e switch.
[ERROR] Re-run Maven using the -X switch to enable full debug logging.
[ERROR] 
[ERROR] For more information about the errors and possible solutions, please read the following articles:
[ERROR] [Help 1] http://cwiki.apache.org/confluence/display/MAVEN/MojoFailureException
